2024-04-11 13:23:21,949 - __main__ - INFO - Test Custom Logger
2024-04-11 13:53:49,325 - __main__ - INFO - Test Custom Logger
2024-04-11 13:54:03,111 - __main__ - INFO - Test Custom Logger
